{"name": "UTDANNING", "temporality": "STATUS", "languageCode": "no", "sensitivityLevel": "PERSON_GENERAL", "populationDescription": "Personer med utdannelse i Norge", "subjectFields": ["BEFOLKNING", "SAMFUNN"], "temporalCoverage": {"start": null}, "measureVariable": {"name": "UTDANNING", "label": "Utdanning", "notPseudonym": true, "dataType": "String", "variableRole": "Measure", "representedVariables": [{"description": "Utdanningsniv\u00e5 for person", "validPeriod": {"start": -16071}, "valueDomain": {"codeList": [{"category": "Grunnskole", "code": "1"}, {"category": "Videreg\u00e5ende skole", "code": "2"}, {"category": "Bachelorgrad", "code": "3"}, {"category": "Mastergrad", "code": "4"}, {"category": "Doktorgrad", "code": "5"}], "missingValues": []}}]}, "identifierVariables": [{"name": "PERSONID_1", "label": "Personidentifikator", "notPseudonym": false, "dataType": "Long", "variableRole": "Identifier", "representedVariables": [{"description": "Identifikator for person i microdata", "validPeriod": {"start": null}, "valueDomain": {"description": "Pseudonymisert personnummer", "unitOfMeasure": "N/A"}}], "format": "RandomUInt48", "keyType": {"name": "PERSON", "label": "Person", "description": "Person er et enkeltmenneske, individ."}}], "attributeVariables": [{"name": "START", "label": "Startdato", "notPseudonym": true, "dataType": "Instant", "variableRole": "Start", "representedVariables": [{"description": "Startdato/m\u00e5letidspunktet for hendelsen", "validPeriod": {"start": null}, "valueDomain": {"description": "Dato oppgitt i dager siden 1970-01-01", "unitOfMeasure": "N/A"}}]}, {"name": "STOP", "label": "Stoppdato", "notPseudonym": true, "dataType": "Instant", "variableRole": "Stop", "representedVariables": [{"description": "Startdato/m\u00e5letidspunktet for hendelsen", "validPeriod": {"start": null}, "valueDomain": {"description": "Dato oppgitt i dager siden 1970-01-01", "unitOfMeasure": "N/A"}}]}]}