{
    "name": "UTDANNING",
    "populationDescription": "Personer med utdannelse i Norge",
    "languageCode": "no",
    "temporality": "STATUS",
    "sensitivityLevel": "PERSON_GENERAL",
    "subjectFields": [
        "BEFOLKNING",
        "UTDANNING"
    ],
    "temporalCoverage": {
        "start": 7305,
        "stop": 8766
    },
    "identifierVariables": [
        {
            "variableRole": "Identifier",
            "name": "PERSONID_1",
            "label": "Personidentifikator",
            "notPseudonym": false,
            "dataType": "Long",
            "representedVariables": [
                {
                    "description": "Identifikator for person i microdata",
                    "validPeriod": {
                        "start": 7305,
                        "stop": 8766
                    },
                    "valueDomain": {
                        "description": "Pseudonymisert personnummer",
                        "unitOfMeasure": "N/A"
                    }
                }
            ],
            "format": "RandomUInt48",
            "keyType": {
                "name": "PERSON",
                "label": "Person",
                "description": "Person er et enkeltmenneske, individ."
            }
        }
    ],
    "measureVariable": {
        "variableRole": "Measure",
        "name": "UTDANNING",
        "label": "Utdanning",
        "notPseudonym": true,
        "dataType": "String",
        "representedVariables": [
            {
                "description": "Utdanningsniv\u00e5 for person",
                "validPeriod": {
                    "start": -16071
                },
                "valueDomain": {
                    "codeList": [
                        {
                            "category": "Grunnskole",
                            "code": "1"
                        },
                        {
                            "category": "Videreg\u00e5ende skole",
                            "code": "2"
                        },
                        {
                            "category": "Bachelorgrad",
                            "code": "3"
                        },
                        {
                            "category": "Mastergrad",
                            "code": "4"
                        },
                        {
                            "category": "Doktorgrad",
                            "code": "5"
                        }
                    ],
                    "missingValues": []
                }
            }
        ]
    },
    "attributeVariables": [
        {
            "variableRole": "Start",
            "name": "START",
            "label": "Startdato",
            "notPseudonym": true,
            "dataType": "Instant",
            "representedVariables": [
                {
                    "description": "Startdato/m\u00e5letidspunktet for hendelsen",
                    "validPeriod": {
                        "start": 7305,
                        "stop": 8766
                    },
                    "valueDomain": {
                        "description": "Dato oppgitt i dager siden 1970-01-01",
                        "unitOfMeasure": "N/A"
                    }
                }
            ]
        },
        {
            "variableRole": "Stop",
            "name": "STOP",
            "label": "Stoppdato",
            "notPseudonym": true,
            "dataType": "Instant",
            "representedVariables": [
                {
                    "description": "Stoppdato/m\u00e5letidspunktet for hendelsen",
                    "validPeriod": {
                        "start": 7305,
                        "stop": 8766
                    },
                    "valueDomain": {
                        "description": "Dato oppgitt i dager siden 1970-01-01",
                        "unitOfMeasure": "N/A"
                    }
                }
            ]
        }
    ],
    "temporalStatusDates": [
        7305,
        7670,
        8035,
        8401,
        8766
    ]
}