{
    "name": "KJOENN",
    "populationDescription": "NEW VALUE",
    "languageCode": "no",
    "temporality": "FIXED",
    "sensitivityLevel": "PERSON_GENERAL",
    "subjectFields": [
        "NEW VALUE",
        "NEW VALUE"
    ],
    "temporalCoverage": {
        "start": null
    },
    "identifierVariables": [
        {
            "variableRole": "Identifier",
            "name": "PERSONID_1",
            "label": "Personidentifikator",
            "notPseudonym": false,
            "dataType": "Long",
            "representedVariables": [
                {
                    "description": "Identifikator for person i microdata",
                    "validPeriod": {
                        "start": null,
                        "stop": null
                    },
                    "valueDomain": {
                        "description": "Pseudonymisert personnummer",
                        "unitOfMeasure": "N/A"
                    }
                }
            ],
            "format": "RandomUInt48",
            "keyType": {
                "name": "PERSON",
                "label": "Person",
                "description": "Person er et enkeltmenneske, individ."
            }
        }
    ],
    "measureVariable": {
        "variableRole": "Measure",
        "name": "KJOENN",
        "label": "NEW VALUE",
        "notPseudonym": true,
        "dataType": "String",
        "representedVariables": [
            {
                "description": "NEW VALUE",
                "validPeriod": {
                    "start": -25567
                },
                "valueDomain": {
                    "codeList": [
                        {
                            "category": "NEW VALUE",
                            "code": "1"
                        },
                        {
                            "category": "NEW VALUE",
                            "code": "2"
                        }
                    ],
                    "missingValues": []
                }
            }
        ]
    },
    "attributeVariables": [
        {
            "variableRole": "Start",
            "name": "START",
            "label": "Startdato",
            "notPseudonym": true,
            "dataType": "Instant",
            "representedVariables": [
                {
                    "description": "Startdato/m\u00e5letidspunktet for hendelsen",
                    "validPeriod": {
                        "start": null,
                        "stop": null
                    },
                    "valueDomain": {
                        "description": "Dato oppgitt i dager siden 1970-01-01",
                        "unitOfMeasure": "N/A"
                    }
                }
            ]
        },
        {
            "variableRole": "Stop",
            "name": "STOP",
            "label": "Stoppdato",
            "notPseudonym": true,
            "dataType": "Instant",
            "representedVariables": [
                {
                    "description": "Startdato/m\u00e5letidspunktet for hendelsen",
                    "validPeriod": {
                        "start": null,
                        "stop": null
                    },
                    "valueDomain": {
                        "description": "Dato oppgitt i dager siden 1970-01-01",
                        "unitOfMeasure": "N/A"
                    }
                }
            ]
        }
    ]
}